[themewagon.github.io/devfolio/index.html]
[backblue.gif]
[fade.gif]
[index.html]
[themewagon.github.io/devfolio/img/favicon.png]
[themewagon.github.io/devfolio/img/apple-touch-icon.png]
[themewagon.github.io/devfolio/lib/bootstrap/css/bootstrap.min.css]
[themewagon.github.io/devfolio/lib/font-awesome/css/font-awesome.min.css]
[themewagon.github.io/devfolio/lib/animate/animate.min.css]
[themewagon.github.io/devfolio/lib/ionicons/css/ionicons.min.css]
[themewagon.github.io/devfolio/lib/owlcarousel/assets/owl.carousel.min.css]
[themewagon.github.io/devfolio/lib/lightbox/css/lightbox.min.css]
[themewagon.github.io/devfolio/css/style.css]
[themewagon.github.io/devfolio/img/intro-bg.jpg]
[themewagon.github.io/devfolio/img/testimonial-2.jpg]
[themewagon.github.io/devfolio/img/counters-bg.jpg]
[themewagon.github.io/devfolio/img/work-1.jpg]
[themewagon.github.io/devfolio/img/work-2.jpg]
[themewagon.github.io/devfolio/img/work-3.jpg]
[themewagon.github.io/devfolio/img/work-4.jpg]
[themewagon.github.io/devfolio/img/work-5.jpg]
[themewagon.github.io/devfolio/img/work-6.jpg]
[themewagon.github.io/devfolio/img/overlay-bg.jpg]
[themewagon.github.io/devfolio/img/testimonial-4.jpg]
[themewagon.github.io/devfolio/blog-single.html]
[themewagon.github.io/devfolio/img/post-1.jpg]
[themewagon.github.io/devfolio/img/post-2.jpg]
[themewagon.github.io/devfolio/img/post-3.jpg]
[themewagon.github.io/devfolio/lib/jquery/jquery.min.js]
[themewagon.github.io/devfolio/lib/jquery/jquery-migrate.min.js]
[themewagon.github.io/devfolio/lib/popper/popper.min.js]
[themewagon.github.io/devfolio/lib/bootstrap/js/bootstrap.min.js]
[themewagon.github.io/devfolio/lib/easing/easing.min.js]
[themewagon.github.io/devfolio/lib/counterup/jquery.waypoints.min.js]
[themewagon.github.io/devfolio/lib/counterup/jquery.counterup.js]
[themewagon.github.io/devfolio/lib/owlcarousel/owl.carousel.min.js]
[themewagon.github.io/devfolio/lib/lightbox/js/lightbox.min.js]
[themewagon.github.io/devfolio/lib/typed/typed.min.js]
[themewagon.github.io/devfolio/contactform/contactform.js]
[themewagon.github.io/devfolio/js/main.js]
[themewagon.github.io/devfolio/index.html]
[themewagon.github.io/devfolio/lib/bootstrap/css/bootstrap.min.css]
[themewagon.github.io/devfolio/lib/font-awesome/fonts/fontawesome-webfont3e6e.eot]
[themewagon.github.io/devfolio/lib/font-awesome/fonts/fontawesome-webfontd41d.eot]
[themewagon.github.io/devfolio/lib/font-awesome/fonts/fontawesome-webfont3e6e.woff2]
[themewagon.github.io/devfolio/lib/font-awesome/fonts/fontawesome-webfont3e6e.woff]
[themewagon.github.io/devfolio/lib/font-awesome/fonts/fontawesome-webfont3e6e.ttf]
[themewagon.github.io/devfolio/lib/font-awesome/css/font-awesome.min.css]
[themewagon.github.io/devfolio/lib/animate/animate.min.css]
[themewagon.github.io/devfolio/lib/font-awesome/fonts/fontawesome-webfont3e6e.svg]
[themewagon.github.io/devfolio/lib/ionicons/fonts/ionicons28b5.eot]
[themewagon.github.io/devfolio/lib/ionicons/fonts/ionicons28b5.ttf]
[themewagon.github.io/devfolio/lib/ionicons/fonts/ionicons28b5.woff]
[themewagon.github.io/devfolio/lib/ionicons/css/ionicons.min.css]
[themewagon.github.io/devfolio/lib/ionicons/fonts/ionicons28b5.svg]
[themewagon.github.io/devfolio/lib/owlcarousel/assets/owl.video.play.png]
[themewagon.github.io/devfolio/lib/owlcarousel/assets/owl.carousel.min.css]
[themewagon.github.io/devfolio/lib/lightbox/images/loading.gif]
[themewagon.github.io/devfolio/lib/lightbox/css/lightbox.min.css]
[themewagon.github.io/devfolio/css/style.css]
[themewagon.github.io/devfolio/index-2.html]
[themewagon.github.io/devfolio/3]
[themewagon.github.io/devfolio/blog-single.html]
[themewagon.github.io/devfolio/lib/font-awesome/fonts/fontawesome-webfont3e6e.svg]
[themewagon.github.io/devfolio/lib/ionicons/fonts/ionicons28b5.svg]
[themewagon.github.io/devfolio/index-2.html]
[themewagon.github.io/devfolio/3.html]
